[C:/My Web Sites/[Matthieu Lormeau & Inès de Miguel] AI Fake News website copy/backblue.gif]
[C:/My Web Sites/[Matthieu Lormeau & Inès de Miguel] AI Fake News website copy/fade.gif]
[C:/My Web Sites/[Matthieu Lormeau & Inès de Miguel] AI Fake News website copy/index.html]
[C:/My Web Sites/[Matthieu Lormeau & Inès de Miguel] AI Fake News website copy/localhost/comments/feed/index.html]
[C:/My Web Sites/[Matthieu Lormeau & Inès de Miguel] AI Fake News website copy/localhost/feed/index.html]
[C:/My Web Sites/[Matthieu Lormeau & Inès de Miguel] AI Fake News website copy/localhost/wp-includes/js/jquery/jquery4a5f.js]
[C:/My Web Sites/[Matthieu Lormeau & Inès de Miguel] AI Fake News website copy/localhost/wp-includes/js/jquery/jquery-migrate.min330a.js]
[C:/My Web Sites/[Matthieu Lormeau & Inès de Miguel] AI Fake News website copy/localhost/wp-content/plugins/wp-rest-api-authentication/public/js/miniorange-api-authentication-public6f3e.js]
[C:/My Web Sites/[Matthieu Lormeau & Inès de Miguel] AI Fake News website copy/localhost/wp-content/themes/twentytwenty/assets/js/index4963.js]
[C:/My Web Sites/[Matthieu Lormeau & Inès de Miguel] AI Fake News website copy/localhost/xmlrpc0db0.php]
[C:/My Web Sites/[Matthieu Lormeau & Inès de Miguel] AI Fake News website copy/localhost/wp-includes/wlwmanifest.xml]
[C:/My Web Sites/[Matthieu Lormeau & Inès de Miguel] AI Fake News website copy/localhost/wp-json/index.html]
[C:/My Web Sites/[Matthieu Lormeau & Inès de Miguel] AI Fake News website copy/localhost/wp-includes/js/wp-embed.min9dff.js]
[C:/My Web Sites/[Matthieu Lormeau & Inès de Miguel] AI Fake News website copy/localhost/index.html]
[C:/My Web Sites/[Matthieu Lormeau & Inès de Miguel] AI Fake News website copy/localhost/wp-includes/css/dist/block-library/style.min9dff.css]
[C:/My Web Sites/[Matthieu Lormeau & Inès de Miguel] AI Fake News website copy/localhost/wp-content/plugins/wp-rest-api-authentication/public/css/miniorange-api-authentication-public6f3e.css]
[C:/My Web Sites/[Matthieu Lormeau & Inès de Miguel] AI Fake News website copy/localhost/wp-content/themes/twentytwenty/assets/fonts/inter/Inter-upright-var.woff2]
[C:/My Web Sites/[Matthieu Lormeau & Inès de Miguel] AI Fake News website copy/localhost/wp-content/themes/twentytwenty/assets/fonts/inter/Inter-italic-var.woff2]
[C:/My Web Sites/[Matthieu Lormeau & Inès de Miguel] AI Fake News website copy/localhost/wp-content/themes/twentytwenty/style4963.css]
[C:/My Web Sites/[Matthieu Lormeau & Inès de Miguel] AI Fake News website copy/localhost/wp-content/themes/twentytwenty/print4963.css]
[C:/My Web Sites/[Matthieu Lormeau & Inès de Miguel] AI Fake News website copy/localhost/wp-json/oembed/1.0/embed6f54.json]
[C:/My Web Sites/[Matthieu Lormeau & Inès de Miguel] AI Fake News website copy/localhost/wp-json/oembed/1.0/embedf292]
[C:/My Web Sites/[Matthieu Lormeau & Inès de Miguel] AI Fake News website copy/localhost/wp-includes/js/comment-reply.min9dff.js]
[C:/My Web Sites/[Matthieu Lormeau & Inès de Miguel] AI Fake News website copy/localhost/2020/01/19/14/index.html]
[C:/My Web Sites/[Matthieu Lormeau & Inès de Miguel] AI Fake News website copy/localhost/wp-json/oembed/1.0/embed377d.json]
[C:/My Web Sites/[Matthieu Lormeau & Inès de Miguel] AI Fake News website copy/localhost/wp-json/oembed/1.0/embed1094]
[C:/My Web Sites/[Matthieu Lormeau & Inès de Miguel] AI Fake News website copy/localhost/2020/01/18/17/index.html]
[C:/My Web Sites/[Matthieu Lormeau & Inès de Miguel] AI Fake News website copy/localhost/wp-json/oembed/1.0/embed3a63.json]
[C:/My Web Sites/[Matthieu Lormeau & Inès de Miguel] AI Fake News website copy/localhost/2020/01/19/14/feed/index.html]
[C:/My Web Sites/[Matthieu Lormeau & Inès de Miguel] AI Fake News website copy/localhost/wp-json/oembed/1.0/embed8a4f]
[C:/My Web Sites/[Matthieu Lormeau & Inès de Miguel] AI Fake News website copy/localhost/2020/01/18/15/index.html]
[C:/My Web Sites/[Matthieu Lormeau & Inès de Miguel] AI Fake News website copy/localhost/2020/01/18/17/feed/index.html]
[C:/My Web Sites/[Matthieu Lormeau & Inès de Miguel] AI Fake News website copy/localhost/2020/01/18/15/feed/index.html]
[C:/My Web Sites/[Matthieu Lormeau & Inès de Miguel] AI Fake News website copy/localhost/wp-json/oembed/1.0/embed5962.json]
[C:/My Web Sites/[Matthieu Lormeau & Inès de Miguel] AI Fake News website copy/localhost/2020/01/19/27/feed/index.html]
[C:/My Web Sites/[Matthieu Lormeau & Inès de Miguel] AI Fake News website copy/localhost/wp-json/oembed/1.0/embedce07]
[C:/My Web Sites/[Matthieu Lormeau & Inès de Miguel] AI Fake News website copy/localhost/2020/01/19/27/index.html]
[C:/My Web Sites/[Matthieu Lormeau & Inès de Miguel] AI Fake News website copy/localhost/wp-json/oembed/1.0/embedea21.json]
[C:/My Web Sites/[Matthieu Lormeau & Inès de Miguel] AI Fake News website copy/localhost/2020/01/19/37/feed/index.html]
[C:/My Web Sites/[Matthieu Lormeau & Inès de Miguel] AI Fake News website copy/localhost/wp-json/oembed/1.0/embed8806]
[C:/My Web Sites/[Matthieu Lormeau & Inès de Miguel] AI Fake News website copy/localhost/2020/01/19/37/index.html]
[C:/My Web Sites/[Matthieu Lormeau & Inès de Miguel] AI Fake News website copy/localhost/wp-json/oembed/1.0/embed3ebb.json]
[C:/My Web Sites/[Matthieu Lormeau & Inès de Miguel] AI Fake News website copy/localhost/2020/01/19/29/feed/index.html]
[C:/My Web Sites/[Matthieu Lormeau & Inès de Miguel] AI Fake News website copy/localhost/wp-json/oembed/1.0/embed8a23]
[C:/My Web Sites/[Matthieu Lormeau & Inès de Miguel] AI Fake News website copy/localhost/2020/01/19/29/index.html]
[C:/My Web Sites/[Matthieu Lormeau & Inès de Miguel] AI Fake News website copy/localhost/wp-json/oembed/1.0/embed1aaf]
[C:/My Web Sites/[Matthieu Lormeau & Inès de Miguel] AI Fake News website copy/localhost/2020/01/19/38/feed/index.html]
[C:/My Web Sites/[Matthieu Lormeau & Inès de Miguel] AI Fake News website copy/localhost/wp-json/oembed/1.0/embed1c3e]
[C:/My Web Sites/[Matthieu Lormeau & Inès de Miguel] AI Fake News website copy/localhost/2020/01/19/38/index.html]
[C:/My Web Sites/[Matthieu Lormeau & Inès de Miguel] AI Fake News website copy/localhost/wp-json/oembed/1.0/embed4003.json]
[C:/My Web Sites/[Matthieu Lormeau & Inès de Miguel] AI Fake News website copy/localhost/2020/01/18/28/feed/index.html]
[C:/My Web Sites/[Matthieu Lormeau & Inès de Miguel] AI Fake News website copy/localhost/wp-json/oembed/1.0/embed6bbd]
[C:/My Web Sites/[Matthieu Lormeau & Inès de Miguel] AI Fake News website copy/localhost/2020/01/18/28/index.html]
[C:/My Web Sites/[Matthieu Lormeau & Inès de Miguel] AI Fake News website copy/localhost/wp-json/oembed/1.0/embed083a.json]
[C:/My Web Sites/[Matthieu Lormeau & Inès de Miguel] AI Fake News website copy/localhost/2020/01/18/34/feed/index.html]
[C:/My Web Sites/[Matthieu Lormeau & Inès de Miguel] AI Fake News website copy/localhost/wp-json/oembed/1.0/embed5534]
[C:/My Web Sites/[Matthieu Lormeau & Inès de Miguel] AI Fake News website copy/localhost/2020/01/18/34/index.html]
[C:/My Web Sites/[Matthieu Lormeau & Inès de Miguel] AI Fake News website copy/localhost/wp-json/oembed/1.0/embed8f7f.json]
[C:/My Web Sites/[Matthieu Lormeau & Inès de Miguel] AI Fake News website copy/localhost/2020/01/18/32/feed/index.html]
[C:/My Web Sites/[Matthieu Lormeau & Inès de Miguel] AI Fake News website copy/localhost/wp-json/oembed/1.0/embeddc48]
[C:/My Web Sites/[Matthieu Lormeau & Inès de Miguel] AI Fake News website copy/localhost/2020/01/18/32/index.html]
[C:/My Web Sites/[Matthieu Lormeau & Inès de Miguel] AI Fake News website copy/localhost/wp-json/oembed/1.0/embed2df2.json]
[C:/My Web Sites/[Matthieu Lormeau & Inès de Miguel] AI Fake News website copy/localhost/2020/01/18/31/feed/index.html]
[C:/My Web Sites/[Matthieu Lormeau & Inès de Miguel] AI Fake News website copy/localhost/wp-json/oembed/1.0/embed8091]
[C:/My Web Sites/[Matthieu Lormeau & Inès de Miguel] AI Fake News website copy/localhost/2020/01/18/31/index.html]
[C:/My Web Sites/[Matthieu Lormeau & Inès de Miguel] AI Fake News website copy/localhost/wp-json/oembed/1.0/embed643c.json]
[C:/My Web Sites/[Matthieu Lormeau & Inès de Miguel] AI Fake News website copy/localhost/2020/01/17/39/feed/index.html]
[C:/My Web Sites/[Matthieu Lormeau & Inès de Miguel] AI Fake News website copy/localhost/wp-json/oembed/1.0/embed9977]
[C:/My Web Sites/[Matthieu Lormeau & Inès de Miguel] AI Fake News website copy/localhost/2020/01/17/39/index.html]
[C:/My Web Sites/[Matthieu Lormeau & Inès de Miguel] AI Fake News website copy/localhost/wp-json/oembed/1.0/embed8a46.json]
[C:/My Web Sites/[Matthieu Lormeau & Inès de Miguel] AI Fake News website copy/localhost/2020/01/17/35/feed/index.html]
[C:/My Web Sites/[Matthieu Lormeau & Inès de Miguel] AI Fake News website copy/localhost/wp-json/oembed/1.0/embed8fbf]
[C:/My Web Sites/[Matthieu Lormeau & Inès de Miguel] AI Fake News website copy/localhost/2020/01/17/35/index.html]
[C:/My Web Sites/[Matthieu Lormeau & Inès de Miguel] AI Fake News website copy/localhost/wp-json/oembed/1.0/embedc3e7.json]
[C:/My Web Sites/[Matthieu Lormeau & Inès de Miguel] AI Fake News website copy/localhost/2020/01/16/30/feed/index.html]
[C:/My Web Sites/[Matthieu Lormeau & Inès de Miguel] AI Fake News website copy/localhost/wp-json/oembed/1.0/embedd021]
[C:/My Web Sites/[Matthieu Lormeau & Inès de Miguel] AI Fake News website copy/localhost/2020/01/16/30/index.html]
[C:/My Web Sites/[Matthieu Lormeau & Inès de Miguel] AI Fake News website copy/localhost/wp-json/oembed/1.0/embed3727]
[C:/My Web Sites/[Matthieu Lormeau & Inès de Miguel] AI Fake News website copy/localhost/2020/01/16/16/feed/index.html]
[C:/My Web Sites/[Matthieu Lormeau & Inès de Miguel] AI Fake News website copy/localhost/wp-json/oembed/1.0/embed9fc5]
[C:/My Web Sites/[Matthieu Lormeau & Inès de Miguel] AI Fake News website copy/localhost/2020/01/16/16/index.html]
[C:/My Web Sites/[Matthieu Lormeau & Inès de Miguel] AI Fake News website copy/localhost/wp-json/oembed/1.0/embed3894]
[C:/My Web Sites/[Matthieu Lormeau & Inès de Miguel] AI Fake News website copy/localhost/2020/01/14/26/feed/index.html]
[C:/My Web Sites/[Matthieu Lormeau & Inès de Miguel] AI Fake News website copy/localhost/wp-json/oembed/1.0/embed8948]
[C:/My Web Sites/[Matthieu Lormeau & Inès de Miguel] AI Fake News website copy/localhost/2020/01/14/26/index.html]
[C:/My Web Sites/[Matthieu Lormeau & Inès de Miguel] AI Fake News website copy/localhost/wp-json/oembed/1.0/embedd0a6.json]
[C:/My Web Sites/[Matthieu Lormeau & Inès de Miguel] AI Fake News website copy/localhost/2020/01/13/33/feed/index.html]
[C:/My Web Sites/[Matthieu Lormeau & Inès de Miguel] AI Fake News website copy/localhost/wp-json/oembed/1.0/embed0f28]
[C:/My Web Sites/[Matthieu Lormeau & Inès de Miguel] AI Fake News website copy/localhost/2020/01/13/33/index.html]
[C:/My Web Sites/[Matthieu Lormeau & Inès de Miguel] AI Fake News website copy/localhost/wp-json/oembed/1.0/embed3e23.json]
[C:/My Web Sites/[Matthieu Lormeau & Inès de Miguel] AI Fake News website copy/localhost/2020/01/12/36/feed/index.html]
[C:/My Web Sites/[Matthieu Lormeau & Inès de Miguel] AI Fake News website copy/localhost/wp-json/oembed/1.0/embedc56e]
[C:/My Web Sites/[Matthieu Lormeau & Inès de Miguel] AI Fake News website copy/localhost/2020/01/12/36/index.html]
[C:/My Web Sites/[Matthieu Lormeau & Inès de Miguel] AI Fake News website copy/localhost/category/uncategorized/index.html]
[C:/My Web Sites/[Matthieu Lormeau & Inès de Miguel] AI Fake News website copy/localhost/author/didou/index.html]
[C:/My Web Sites/[Matthieu Lormeau & Inès de Miguel] AI Fake News website copy/localhost/page/2/index.html]
[C:/My Web Sites/[Matthieu Lormeau & Inès de Miguel] AI Fake News website copy/localhost/2020/01/index.html]
[C:/My Web Sites/[Matthieu Lormeau & Inès de Miguel] AI Fake News website copy/localhost/category/uncategorized/feed/index.html]
[C:/My Web Sites/[Matthieu Lormeau & Inès de Miguel] AI Fake News website copy/localhost/author/didou/feed/index.html]
[C:/My Web Sites/[Matthieu Lormeau & Inès de Miguel] AI Fake News website copy/localhost/wp-includes/js/zxcvbn-async.min5152.js]
[C:/My Web Sites/[Matthieu Lormeau & Inès de Miguel] AI Fake News website copy/localhost/wp-includes/js/underscore.min4511.js]
[C:/My Web Sites/[Matthieu Lormeau & Inès de Miguel] AI Fake News website copy/localhost/wp-includes/js/wp-util.min9dff.js]
[C:/My Web Sites/[Matthieu Lormeau & Inès de Miguel] AI Fake News website copy/localhost/wp-login.html]
[C:/My Web Sites/[Matthieu Lormeau & Inès de Miguel] AI Fake News website copy/localhost/index0b69.html]
[C:/My Web Sites/[Matthieu Lormeau & Inès de Miguel] AI Fake News website copy/localhost/indexd8eb.html]
[C:/My Web Sites/[Matthieu Lormeau & Inès de Miguel] AI Fake News website copy/localhost/indexa1ca.html]
[C:/My Web Sites/[Matthieu Lormeau & Inès de Miguel] AI Fake News website copy/localhost/index1c4a.html]
[C:/My Web Sites/[Matthieu Lormeau & Inès de Miguel] AI Fake News website copy/localhost/index4837.html]
[C:/My Web Sites/[Matthieu Lormeau & Inès de Miguel] AI Fake News website copy/localhost/index9cd7.html]
[C:/My Web Sites/[Matthieu Lormeau & Inès de Miguel] AI Fake News website copy/localhost/indexb93f.html]
[C:/My Web Sites/[Matthieu Lormeau & Inès de Miguel] AI Fake News website copy/localhost/index3c55.html]
[C:/My Web Sites/[Matthieu Lormeau & Inès de Miguel] AI Fake News website copy/localhost/index1e7e.html]
[C:/My Web Sites/[Matthieu Lormeau & Inès de Miguel] AI Fake News website copy/localhost/index6c46.html]
[C:/My Web Sites/[Matthieu Lormeau & Inès de Miguel] AI Fake News website copy/localhost/indexc7e3.html]
[C:/My Web Sites/[Matthieu Lormeau & Inès de Miguel] AI Fake News website copy/localhost/indexba52.html]
[C:/My Web Sites/[Matthieu Lormeau & Inès de Miguel] AI Fake News website copy/localhost/index5c90.html]
[C:/My Web Sites/[Matthieu Lormeau & Inès de Miguel] AI Fake News website copy/localhost/index5643.html]
[C:/My Web Sites/[Matthieu Lormeau & Inès de Miguel] AI Fake News website copy/localhost/index0e62.html]
[C:/My Web Sites/[Matthieu Lormeau & Inès de Miguel] AI Fake News website copy/localhost/index88b9.html]
[C:/My Web Sites/[Matthieu Lormeau & Inès de Miguel] AI Fake News website copy/localhost/indexdd23.html]
[C:/My Web Sites/[Matthieu Lormeau & Inès de Miguel] AI Fake News website copy/localhost/index0d0b.html]
[C:/My Web Sites/[Matthieu Lormeau & Inès de Miguel] AI Fake News website copy/localhost/category/uncategorized/page/2/index.html]
[C:/My Web Sites/[Matthieu Lormeau & Inès de Miguel] AI Fake News website copy/localhost/author/didou/page/2/index.html]
[C:/My Web Sites/[Matthieu Lormeau & Inès de Miguel] AI Fake News website copy/localhost/2020/01/page/2/index.html]
[C:/My Web Sites/[Matthieu Lormeau & Inès de Miguel] AI Fake News website copy/localhost/wp-includes/fonts/dashicons2ce6.eot]
[C:/My Web Sites/[Matthieu Lormeau & Inès de Miguel] AI Fake News website copy/localhost/wp-includes/fonts/dashicons2ce6.ttf]
[C:/My Web Sites/[Matthieu Lormeau & Inès de Miguel] AI Fake News website copy/localhost/wp-includes/css/dashicons.min9dff.css]
[C:/My Web Sites/[Matthieu Lormeau & Inès de Miguel] AI Fake News website copy/localhost/wp-includes/css/buttons.min9dff.css]
[C:/My Web Sites/[Matthieu Lormeau & Inès de Miguel] AI Fake News website copy/localhost/wp-loginc2b6.html]
